[INFO] Scanning for projects...
[INFO] 
[INFO] ------------------< com.jumbotail:jumbotail-shipping >------------------
[INFO] Building Jumbotail Shipping Charge Calculator 1.0.0
[INFO]   from pom.xml
[INFO] --------------------------------[ jar ]---------------------------------
[INFO] 
[INFO] --- resources:3.3.1:resources (default-resources) @ jumbotail-shipping ---
[INFO] Copying 2 resources from src\main\resources to target\classes
[INFO] Copying 0 resource from src\main\resources to target\classes
[INFO] 
[INFO] --- compiler:3.11.0:compile (default-compile) @ jumbotail-shipping ---
[INFO] Nothing to compile - all classes are up to date
[INFO] 
[INFO] --- resources:3.3.1:testResources (default-testResources) @ jumbotail-shipping ---
[INFO] Copying 1 resource from src\test\resources to target\test-classes
[INFO] 
[INFO] --- compiler:3.11.0:testCompile (default-testCompile) @ jumbotail-shipping ---
[INFO] Nothing to compile - all classes are up to date
[INFO] 
[INFO] --- surefire:3.1.2:test (default-test) @ jumbotail-shipping ---
[INFO] Using auto detected provider org.apache.maven.surefire.junitplatform.JUnitPlatformProvider
[INFO] 
[INFO] -------------------------------------------------------
[INFO]  T E S T S
[INFO] -------------------------------------------------------
[INFO] Running com.jumbotail.shipping.service.recommendation.LogisticsDecisionServiceIntegrationTest
14:01:59.100 [main] INFO org.springframework.test.context.support.AnnotationConfigContextLoaderUtils -- Could not detect default configuration classes for test class [com.jumbotail.shipping.service.recommendation.LogisticsDecisionServiceIntegrationTest]: LogisticsDecisionServiceIntegrationTest does not declare any static, non-private, non-final, nested classes annotated with @Configuration.
14:01:59.292 [main] INFO org.springframework.boot.test.context.SpringBootTestContextBootstrapper -- Found @SpringBootConfiguration com.jumbotail.shipping.JumbotailShippingApplication for test class com.jumbotail.shipping.service.recommendation.LogisticsDecisionServiceIntegrationTest

  .   ____          _            __ _ _
 /\\ / ___'_ __ _ _(_)_ __  __ _ \ \ \ \
( ( )\___ | '_ | '_| | '_ \/ _` | \ \ \ \
 \\/  ___)| |_)| | | | | || (_| |  ) ) ) )
  '  |____| .__|_| |_|_| |_\__, | / / / /
 =========|_|==============|___/=/_/_/_/
 :: Spring Boot ::                (v3.2.0)

2026-02-21T14:02:00.193+05:30  INFO 5504 --- [jumbotail-shipping] [           main] .LogisticsDecisionServiceIntegrationTest : Starting LogisticsDecisionServiceIntegrationTest using Java 22.0.2 with PID 5504 (started by hp in C:\Users\hp\OneDrive\Attachments\Desktop\jumbotail-shipping)
2026-02-21T14:02:00.198+05:30  INFO 5504 --- [jumbotail-shipping] [           main] .LogisticsDecisionServiceIntegrationTest : The following 1 profile is active: "test"
2026-02-21T14:02:05.766+05:30  INFO 5504 --- [jumbotail-shipping] [           main] o.hibernate.jpa.internal.util.LogHelper  : HHH000204: Processing PersistenceUnitInfo [name: default]
2026-02-21T14:02:05.967+05:30  INFO 5504 --- [jumbotail-shipping] [           main] org.hibernate.Version                    : HHH000412: Hibernate ORM core version 6.3.1.Final
2026-02-21T14:02:06.016+05:30  INFO 5504 --- [jumbotail-shipping] [           main] o.h.c.internal.RegionFactoryInitiator    : HHH000026: Second-level cache disabled
2026-02-21T14:02:06.524+05:30  INFO 5504 --- [jumbotail-shipping] [           main] com.zaxxer.hikari.HikariDataSource       : HikariPool-1 - Starting...
2026-02-21T14:02:06.813+05:30  INFO 5504 --- [jumbotail-shipping] [           main] com.zaxxer.hikari.pool.HikariPool        : HikariPool-1 - Added connection conn0: url=jdbc:h2:mem:testdb user=SA
2026-02-21T14:02:06.817+05:30  INFO 5504 --- [jumbotail-shipping] [           main] com.zaxxer.hikari.HikariDataSource       : HikariPool-1 - Start completed.
2026-02-21T14:02:06.854+05:30  WARN 5504 --- [jumbotail-shipping] [           main] org.hibernate.orm.deprecation            : HHH90000025: H2Dialect does not need to be specified explicitly using 'hibernate.dialect' (remove the property setting and it will be selected by default)
2026-02-21T14:02:08.559+05:30  INFO 5504 --- [jumbotail-shipping] [           main] o.h.e.t.j.p.i.JtaPlatformInitiator       : HHH000489: No JTA platform available (set 'hibernate.transaction.jta.platform' to enable JTA platform integration)
2026-02-21T14:02:13.026+05:30  WARN 5504 --- [jumbotail-shipping] [           main] JpaBaseConfiguration$JpaWebConfiguration : spring.jpa.open-in-view is enabled by default. Therefore, database queries may be performed during view rendering. Explicitly configure spring.jpa.open-in-view to disable this warning
2026-02-21T14:02:16.783+05:30  INFO 5504 --- [jumbotail-shipping] [           main] .LogisticsDecisionServiceIntegrationTest : Started LogisticsDecisionServiceIntegrationTest in 17.265 seconds (process running for 18.964)
2026-02-21T14:02:16.950+05:30  INFO 5504 --- [jumbotail-shipping] [           main] c.j.shipping.config.DataInitializer      : Initializing sample data...
2026-02-21T14:02:17.970+05:30  INFO 5504 --- [jumbotail-shipping] [           main] c.j.shipping.config.DataInitializer      : Initialized 2 customers
2026-02-21T14:02:17.983+05:30  INFO 5504 --- [jumbotail-shipping] [           main] c.j.shipping.config.DataInitializer      : Initialized 2 warehouses
2026-02-21T14:02:18.009+05:30  INFO 5504 --- [jumbotail-shipping] [           main] c.j.shipping.config.DataInitializer      : Initialized 3 sellers and 3 products
2026-02-21T14:02:18.266+05:30  INFO 5504 --- [jumbotail-shipping] [           main] c.j.shipping.config.DataInitializer      : Initialized 2 orders
2026-02-21T14:02:18.319+05:30  INFO 5504 --- [jumbotail-shipping] [           main] c.j.shipping.config.DataInitializer      : Initialized 6 warehouse inventory records
2026-02-21T14:02:18.319+05:30  INFO 5504 --- [jumbotail-shipping] [           main] c.j.shipping.config.DataInitializer      : Sample data initialization completed
mvn : WARNING: A Java agent has been loaded dynamically (C:\Users\hp\.m2\repository\net\b
ytebuddy\byte-buddy-agent\1.14.10\byte-buddy-agent-1.14.10.jar)
At line:1 char:1
+ mvn test -Dtest=LogisticsDecisionServiceIntegrationTest "-Dlogging.le ...
+ ~~~~~~~~~~~~~~~~~~~~~~~~~~~~~~~~~~~~~~~~~~~~~~~~~~~~~~~~~~~~~~~~~~~~~
    + CategoryInfo          : NotSpecified: (WARNING: A Java...nt-1.14.10.jar):String) [ 
   ], RemoteException
    + FullyQualifiedErrorId : NativeCommandError
 
WARNING: If a serviceability tool is in use, please run with 
-XX:+EnableDynamicAgentLoading to hide this warning
WARNING: If a serviceability tool is not in use, please run with 
-Djdk.instrument.traceUsage for more information
WARNING: Dynamic loading of agents will be disallowed by default in a future release
Java HotSpot(TM) 64-Bit Server VM warning: Sharing is only supported for boot loader 
classes because bootstrap classpath has been appended
2026-02-21T14:02:19.138+05:30  INFO 5504 --- [jumbotail-shipping] [           main] c.j.s.s.r.LogisticsDecisionService       : Generating logistics recommendation for Order ID: 1, Priority: COST
[ERROR] Tests run: 1, Failures: 0, Errors: 1, Skipped: 0, Time elapsed: 20.49 s <<< FAILURE! -- in com.jumbotail.shipping.service.recommendation.LogisticsDecisionServiceIntegrationTest
[ERROR] com.jumbotail.shipping.service.recommendation.LogisticsDecisionServiceIntegrationTest.testRecommendationFlow -- Time elapsed: 0.870 s <<< ERROR!
java.lang.IllegalArgumentException: Cannot find cache named 'warehouseInventoryCheck' for Builder[public boolean com.jumbotail.shipping.service.InventoryService.hasSufficientStockForOrder(java.lang.Long,com.jumbotail.shipping.model.Order)] caches=[warehouseInventoryCheck] | key='#warehouseId + '_' + #order.id' | keyGenerator='' | cacheManager='' | cacheResolver='' | condition='' | unless='' | sync='false'
	at org.springframework.cache.interceptor.AbstractCacheResolver.resolveCaches(AbstractCacheResolver.java:92)
	at org.springframework.cache.interceptor.CacheAspectSupport.getCaches(CacheAspectSupport.java:278)
	at org.springframework.cache.interceptor.CacheAspectSupport$CacheOperationContext.<init>(CacheAspectSupport.java:803)
	at org.springframework.cache.interceptor.CacheAspectSupport.getOperationContext(CacheAspectSupport.java:291)
	at org.springframework.cache.interceptor.CacheAspectSupport$CacheOperationContexts.<init>(CacheAspectSupport.java:694)
	at org.springframework.cache.interceptor.CacheAspectSupport.execute(CacheAspectSupport.java:371)
	at org.springframework.cache.interceptor.CacheInterceptor.invoke(CacheInterceptor.java:74)
	at org.springframework.aop.framework.ReflectiveMethodInvocation.proceed(ReflectiveMethodInvocation.java:184)
	at org.springframework.aop.framework.CglibAopProxy$CglibMethodInvocation.proceed(CglibAopProxy.java:765)
	at org.springframework.aop.framework.CglibAopProxy$DynamicAdvisedInterceptor.intercept(CglibAopProxy.java:717)
	at com.jumbotail.shipping.service.InventoryService$$SpringCGLIB$$0.hasSufficientStockForOrder(<generated>)
	at com.jumbotail.shipping.service.recommendation.LogisticsDecisionService.recommendLogistics(LogisticsDecisionService.java:59)
	at com.jumbotail.shipping.service.recommendation.LogisticsDecisionServiceIntegrationTest.testRecommendationFlow(LogisticsDecisionServiceIntegrationTest.java:37)
	at java.base/java.lang.reflect.Method.invoke(Method.java:580)
	at java.base/java.util.ArrayList.forEach(ArrayList.java:1597)
	at java.base/java.util.ArrayList.forEach(ArrayList.java:1597)

[INFO] 
[INFO] Results:
[INFO] 
[ERROR] Errors: 
[ERROR]   LogisticsDecisionServiceIntegrationTest.testRecommendationFlow:37 ╗ IllegalArgument Cannot find cache named 'warehouseInventoryCheck' for Builder[public boolean com.jumbotail.shipping.service.InventoryService.hasSufficientStockForOrder(java.lang.Long,com.jumbotail.shipping.model.Order)] caches=[warehouseInventoryCheck] | key='#warehouseId + '_' + #order.id' | keyGenerator='' | cacheManager='' | cacheResolver='' | condition='' | unless='' | sync='false'
[INFO] 
[ERROR] Tests run: 1, Failures: 0, Errors: 1, Skipped: 0
[INFO] 
[INFO] ------------------------------------------------------------------------
[INFO] BUILD FAILURE
[INFO] ------------------------------------------------------------------------
[INFO] Total time:  26.215 s
[INFO] Finished at: 2026-02-21T14:02:19+05:30
[INFO] ------------------------------------------------------------------------
[ERROR] Failed to execute goal org.apache.maven.plugins:maven-surefire-plugin:3.1.2:test (default-test) on project jumbotail-shipping: 
[ERROR] 
[ERROR] Please refer to C:\Users\hp\OneDrive\Attachments\Desktop\jumbotail-shipping\target\surefire-reports for the individual test results.
[ERROR] Please refer to dump files (if any exist) [date].dump, [date]-jvmRun[N].dump and [date].dumpstream.
[ERROR] -> [Help 1]
[ERROR] 
[ERROR] To see the full stack trace of the errors, re-run Maven with the -e switch.
[ERROR] Re-run Maven using the -X switch to enable full debug logging.
[ERROR] 
[ERROR] For more information about the errors and possible solutions, please read the following articles:
[ERROR] [Help 1] http://cwiki.apache.org/confluence/display/MAVEN/MojoFailureException
